---
source: tui/src/status/tests.rs
expression: rendered
---
/status

╭─────────────────────────────────────────────────────────────────────────────╮
│  >_ OpenAI Codex (v0.140.0)                                                 │
│                                                                             │
│ Visit https://chatgpt.com/codex/settings/usage for up-to-date               │
│ information on rate limits and credits                                      │
│                                                                             │
│  Model:            gpt-5.3-codex (reasoning none, summaries auto)           │
│  Directory: [[workspace]]                                                   │
│  Permissions:      Custom (workspace with network access, Ask for approval) │
│  Agents.md:        <none>                                                   │
│                                                                             │
│  Token usage:      64.8K total  (32.4K input + 32.4K output)                │
│  Context window:   34% left (184K used / 272K)                              │
│  Limits:           data not available yet                                   │
│                                                                             │
│  Token usage:      184.2K API-equivalent tokens  ~$0.53                     │
│    Input:          151.8K total, 119.4K cached, 32.4K billable  ~$0.08      │
│    Output:         32.4K total, 8.7K reasoning  ~$0.45                      │
╰─────────────────────────────────────────────────────────────────────────────╯
