---
source: tui/src/daemon_recovery_tests.rs
expression: text
---

  Cannot use the background server
  safe daemon update returned NeedsAttention; selected launcher
  /opt/homebrew/bin/codex-rick (installed version 0.157.1-rick.2) is running as version
  0.156.1-rick.2 (app-server version 0.156.1). handoff blocked. If a handoff is pending,
  run `codex app-server daemon recover`, then retry `codex app-server daemon apply
  --codex-bin <selected absolute path>`


  1. Run without daemon this time
     Restart with these settings (disabled)  Restart cannot resolve this compatibility
                                             check.
› 2. Cancel
