---
source: tui/src/daemon_recovery_tests.rs
expression: text
---

  Cannot use the background server
  safe daemon update returned NeedsAttention; selected launcher
  /opt/homebrew/bin/codex-rick (installed version 0.157.1-rick.2) is running as version
  0.156.1-rick.2 (app-server version 0.156.1). The matching handoff journal is missing;
  Codex preserved the receipt and did not replay or discard its saved sessions.
  thread/handoff/status failed: unknown handoff id handoff-1


  1. Run without daemon this time
     Restart with these settings (disabled)  Restart cannot resolve this compatibility
                                             check.
› 2. Cancel
