---
source: tui/src/app/eta_view_tests.rs
expression: "render(&view, 96, 24)"
---
"                                                                                                "
"   Task estimates                                                                               "
"   2 active   2 history   seq 4   updated 2023-11-14 22:13:50 UTC                               "
"   Finish: 2023-11-14 22:14:50 UTC–2023-11-14 22:15:50 UTC   Remaining: 1m–2m                   "
"   [Active]  History                                                                            "
"   ──────────────────────────────────────────────────────────────────────────────────────────   "
"   Task                                        Agent         Status                             "
"   ▾ Prepare release                           Lead          active                         …   "
"       Run checks                              Worker 0000…  blocked · stale                …   "
"                                                                                                "
"                                                                                                "
"                                                                                                "
"                                                                                                "
"                                                                                                "
"                                                                                                "
"                                                                                                "
"                                                                                                "
"                                                                                                "
"                                                                                                "
"                                                                                                "
"                                                                                                "
"                                                                                                "
"                                                                                                "
"↑↓ select  ←→/tab switch tab  enter expand  esc close                                           "
